*****************************************************************
      SolidWorks Corporation - IGES Processor Status Report
*****************************************************************
=================================================================
General Information
=================================================================
Sending System Product I.D.  : 
Receiving System Product I.D.: 
File Name                    : E:\Design Work\DM3701 Major Project\Final Mould\CNC Files\Top.igs
Sending System               : Rhinoceros ( Sep 13 2016 )
Preprocessor Version         : Trout Lake IGES 012 Sep 13 2016
File Creation Date           : 170316.022539
Model Creation Date          : 170316.022539
Units                        : MM
Model Space Scale            : 1
Author                       : 
Organization                 : 


=================================================================
Entity Processing Information
=================================================================


=================================================================
Precision analysis of IGES file:
=================================================================
  Most prevalent number of significant digits:              14
  Highest number of significant digits:                     14
  Average number of significant digits:                13.9192
  Maximum distance to origin:                          450.211
  Minimum distance to origin:                          74.9363
  Effective number of significant digits:              13.8541


=================================================================
Entity Summary
=================================================================
-----------------------------------------------------------------
Type Name                                         Count Converted
---- ----                                         ----- ---------
126  Rational B-spline curve                         64        64
128  Rational B-spline surface                        9         9
141  Boundary                                         9         9
143  Bounded surface                                  9         9
314  Color definition                                 1         1
406  Property                                         2         2
_________________________________________________________________


=================================================================
Result Summary
=================================================================
SolidWorks Feature Type                Count
-----------------------                -----
Solid feature(s)                       1
Surface feature(s)                     0
Curve/Sketch feature(s)                0
--------------------------------------------
Start time: Monday, April 10, 2017 03:54:16
Finish time: Monday, April 10, 2017 03:54:17
Processing time: 0 days, 00 hours, 00 mins, 01 secs
